[2026-04-19T00:55:16Z] [INFO] === Trello Board Sync started ===
[2026-04-19T00:55:16Z] [INFO] Board 'To Do List' (TyFBN1Bx): 49 cards across 5 lists (Coconut Todo, Joel Todo, Justin Todo, Chrissa Todo, Done)
[2026-04-19T00:55:16Z] [WARN]   OVERDUE: 'Research openclaw hardening guide https://github.com/JPeetz/OpenClaw_Security_Hardening' in list 'Joel Todo' (due 2026-04-18T02:41:21.000Z)
[2026-04-19T00:55:17Z] [INFO] Board 'Customer Statuses' (DQTJSKgK): 15 cards across 5 lists (New Customers, At Risk / Focus, Onboarding, Active Customers, At Renewal)
[2026-04-19T00:55:17Z] [INFO] Board 'Coconut Lessons' (bZudEKUZ): 9 cards across 5 lists (Applied, Customer & Accounts, Process & Communication, Technical & Tooling, Inbox)
[2026-04-19T00:55:17Z] [INFO] === Trello Board Sync complete ===
[2026-04-19T01:00:04Z] [INFO] === Trello Board Sync started ===
[2026-04-19T01:15:07Z] [INFO] === Trello Board Sync started ===
[2026-04-19T01:30:07Z] [INFO] === Trello Board Sync started ===
[2026-04-19T01:45:07Z] [INFO] === Trello Board Sync started ===
[2026-04-19T02:00:04Z] [INFO] === Trello Board Sync started ===
[2026-04-19T02:15:07Z] [INFO] === Trello Board Sync started ===
[2026-04-19T02:30:05Z] [INFO] === Trello Board Sync started ===
[2026-04-19T02:45:07Z] [INFO] === Trello Board Sync started ===
[2026-04-19T03:00:07Z] [INFO] === Trello Board Sync started ===
[2026-04-19T03:15:07Z] [INFO] === Trello Board Sync started ===
[2026-04-19T03:30:07Z] [INFO] === Trello Board Sync started ===
[2026-04-19T03:45:04Z] [INFO] === Trello Board Sync started ===
[2026-04-19T04:00:07Z] [INFO] === Trello Board Sync started ===
[2026-04-19T04:15:04Z] [INFO] === Trello Board Sync started ===
[2026-04-19T04:30:08Z] [INFO] === Trello Board Sync started ===
[2026-04-19T04:45:08Z] [INFO] === Trello Board Sync started ===
